#0 building with "default" instance using docker driver

#1 [internal] load build definition from Dockerfile
#1 transferring dockerfile: 1.96kB done
#1 DONE 0.0s

#2 [internal] load metadata for docker.io/library/node:22-alpine
#2 DONE 0.7s

#3 [internal] load .dockerignore
#3 transferring context: 214B done
#3 DONE 0.0s

#4 [build 1/9] FROM docker.io/library/node:22-alpine@sha256:0a7108bf6c7bf5de370ffb1a3ed6be93d405b43ff159f681a8d18c0e2bc2e402
#4 resolve docker.io/library/node:22-alpine@sha256:0a7108bf6c7bf5de370ffb1a3ed6be93d405b43ff159f681a8d18c0e2bc2e402 0.0s done
#4 DONE 0.0s

#5 [internal] load build context
#5 transferring context: 43.85kB 0.0s done
#5 DONE 0.0s

#6 [build 2/9] WORKDIR /repo
#6 CACHED

#7 [build 3/9] COPY package.json package-lock.json* ./
#7 CACHED

#8 [build 5/9] RUN npm ci --workspace @boe-inspector/monolith --include-workspace-root=false || npm install --workspace @boe-inspector/monolith
#8 CACHED

#9 [build 4/9] COPY apps/monolith/package.json apps/monolith/
#9 CACHED

#10 [build 6/9] COPY tsconfig.base.json ./
#10 CACHED

#11 [build 7/9] COPY apps/monolith apps/monolith
#11 DONE 0.1s

#12 [build 8/9] RUN npm run build --workspace @boe-inspector/monolith
#12 0.588
#12 0.588 > @boe-inspector/monolith@0.1.0 build
#12 0.588 > tsc -p tsconfig.json
#12 0.588
#12 DONE 10.3s

#13 [build 9/9] RUN npm prune --omit=dev --workspace @boe-inspector/monolith --include-workspace-root=false
#13 1.895
#13 1.895 up to date, audited 56 packages in 1s
#13 1.895
#13 1.895 22 packages are looking for funding
#13 1.895   run `npm fund` for details
#13 1.897
#13 1.897 found 0 vulnerabilities
#13 DONE 2.0s

#14 [stage-1 2/6] WORKDIR /app
#14 CACHED

#15 [stage-1 3/6] COPY --from=build /repo/node_modules ./node_modules
#15 CACHED

#16 [stage-1 4/6] COPY --from=build /repo/apps/monolith/dist ./dist
#16 DONE 0.1s

#17 [stage-1 5/6] COPY --from=build /repo/apps/monolith/package.json ./
#17 DONE 0.0s

#18 [stage-1 6/6] COPY --from=build /repo/apps/monolith/drizzle ./drizzle
#18 DONE 0.0s

#19 exporting to image
#19 exporting layers
#19 exporting layers 0.2s done
#19 exporting manifest sha256:46c1d9f892e25dd32ba7313a0f618d5ed7e662009ece2269e1609d98ae187e36 0.0s done
#19 exporting config sha256:65bd01b38f305c5c0542885196dbe8a91cf1cc2582f4a2b6159f7457b27a997d 0.0s done
#19 exporting attestation manifest sha256:d7a4f91d86c093223d65bfdfac850442fb2635caca89c188cf45b988d7224af8 0.0s done
#19 exporting manifest list sha256:10288d81ab00e6cec7791caa524e2ed7c38f65fe2d25901419fae95d0adb4965 0.0s done
#19 naming to docker.io/library/boe-tfm-app-check:latest done
#19 unpacking to docker.io/library/boe-tfm-app-check:latest
#19 unpacking to docker.io/library/boe-tfm-app-check:latest 0.1s done
#19 DONE 0.5s

BUILD_EXIT 0
